121@DESKTOP-DP401JQ MINGW64 ~/Desktop/workspace/git
$ pwd
/c/Users/121/Desktop/workspace/git

121@DESKTOP-DP401JQ MINGW64 ~/Desktop/workspace/git
$ 약
bash: 약: command not found

121@DESKTOP-DP401JQ MINGW64 ~/Desktop/workspace/git
$ dir

121@DESKTOP-DP401JQ MINGW64 ~/Desktop/workspace/git
$ ls

121@DESKTOP-DP401JQ MINGW64 ~/Desktop/workspace/git
$ ls
test.txt

121@DESKTOP-DP401JQ MINGW64 ~/Desktop/workspace/git
$ ls -l -a
total 5
drwxr-xr-x 1 121 197121 0 Jun 16 09:41 ./
drwxr-xr-x 1 121 197121 0 Jun 16 09:36 ../
-rw-r--r-- 1 121 197121 5 Jun 16 09:41 test.txt

121@DESKTOP-DP401JQ MINGW64 ~/Desktop/workspace/git
$ ls -l
total 1
-rw-r--r-- 1 121 197121 5 Jun 16 09:41 test.txt

121@DESKTOP-DP401JQ MINGW64 ~/Desktop/workspace/git
$ ls -la
total 5
drwxr-xr-x 1 121 197121 0 Jun 16 09:41 ./
drwxr-xr-x 1 121 197121 0 Jun 16 09:36 ../
-rw-r--r-- 1 121 197121 5 Jun 16 09:41 test.txt

121@DESKTOP-DP401JQ MINGW64 ~/Desktop/workspace/git
$ ll
total 1
-rw-r--r-- 1 121 197121 5 Jun 16 09:41 test.txt

121@DESKTOP-DP401JQ MINGW64 ~/Desktop/workspace/git
$ ls -alS
total 5
-rw-r--r-- 1 121 197121 5 Jun 16 09:41 test.txt
drwxr-xr-x 1 121 197121 0 Jun 16 09:41 ./
drwxr-xr-x 1 121 197121 0 Jun 16 09:36 ../

121@DESKTOP-DP401JQ MINGW64 ~/Desktop/workspace/git
$ ls -alh
total 5.0K
drwxr-xr-x 1 121 197121 0 Jun 16 09:41 ./
drwxr-xr-x 1 121 197121 0 Jun 16 09:36 ../
-rw-r--r-- 1 121 197121 5 Jun 16 09:41 test.txt

121@DESKTOP-DP401JQ MINGW64 ~/Desktop/workspace/git
$ ls -alt
total 5
drwxr-xr-x 1 121 197121 0 Jun 16 09:41 ./
-rw-r--r-- 1 121 197121 5 Jun 16 09:41 test.txt
drwxr-xr-x 1 121 197121 0 Jun 16 09:36 ../

$ test.txt 파일 편집 저장
$ test.txt 파일 편집 저장
$ test.txt 파일 편집 저장
